// Jest Snapshot v1, https://goo.gl/fbAQLP

exports[`Calculator renders correctly 1`] = `
<div
  className="fullcalc"
>
  <div>
    <p>
      Lets do some math
    </p>
  </div>
  <div
    className="calcApp"
  >
    <div
      className="output"
    >
      <div
        className="current"
      >
        
    0
      </div>
    </div>
    <button
      onClick={[Function]}
      type="button"
    >
      AC
    </button>
    <button
      onClick={[Function]}
      type="button"
    >
      +/-
    </button>
    <button
      onClick={[Function]}
      type="button"
    >
      %
    </button>
    <button
      className="operand"
      onClick={[Function]}
      type="button"
    >
      รท
    </button>
    <button
      onClick={[Function]}
      type="button"
    >
      7
    </button>
    <button
      onClick={[Function]}
      type="button"
    >
      8
    </button>
    <button
      onClick={[Function]}
      type="button"
    >
      9
    </button>
    <button
      className="operand"
      onClick={[Function]}
      type="button"
    >
      x
    </button>
    <button
      onClick={[Function]}
      type="button"
    >
      4
    </button>
    <button
      onClick={[Function]}
      type="button"
    >
      5
    </button>
    <button
      onClick={[Function]}
      type="button"
    >
      6
    </button>
    <button
      className="operand"
      onClick={[Function]}
      type="button"
    >
      -
    </button>
    <button
      onClick={[Function]}
      type="button"
    >
      1
    </button>
    <button
      onClick={[Function]}
      type="button"
    >
      2
    </button>
    <button
      onClick={[Function]}
      type="button"
    >
      3
    </button>
    <button
      className="operand"
      onClick={[Function]}
      type="button"
    >
      +
    </button>
    <button
      className="span-two"
      onClick={[Function]}
      type="button"
    >
      0
    </button>
    <button
      onClick={[Function]}
      type="button"
    >
      .
    </button>
    <button
      className="operand"
      onClick={[Function]}
      type="button"
    >
      =
    </button>
  </div>
</div>
`;
